
> gloria-ki-assistent@0.1.0 build
> node ./node_modules/next/dist/bin/next build

Ôû▓ Next.js 16.2.3 (Turbopack)
- Environments: .env.local

  Creating an optimized production build ...
Ô£ô Compiled successfully in 56s
  Running TypeScript ...
  Finished TypeScript in 32.0s ...
  Collecting page data using 3 workers ...
  Generating static pages using 3 workers (0/13) ...
  Generating static pages using 3 workers (3/13) 
  Generating static pages using 3 workers (6/13) 
  Generating static pages using 3 workers (9/13) 
Ô£ô Generating static pages using 3 workers (13/13) in 1291ms
  Finalizing page optimization ...

Route (app)
Ôöî Ôùï /
Ôö£ Ôùï /_not-found
Ôö£ ãÆ /api/calls/webhook
Ôö£ ãÆ /api/campaigns/import
Ôö£ ãÆ /api/export/outlook
Ôö£ ãÆ /api/health
Ôö£ ãÆ /api/learning
Ôö£ ãÆ /api/live-agent
Ôö£ ãÆ /api/live-agent/respond
Ôö£ ãÆ /api/reports
Ôö£ ãÆ /api/scripts
Ôö£ ãÆ /api/scripts/test-voice
Ôö£ ãÆ /api/twilio/audio
Ôö£ ãÆ /api/twilio/status
Ôö£ ãÆ /api/twilio/test-call
Ôö£ ãÆ /api/twilio/voice
Ôö£ ãÆ /api/twilio/voice/process
Ôöö ãÆ /api/voice-preview


Ôùï  (Static)   prerendered as static content
ãÆ  (Dynamic)  server-rendered on demand

